Archive member included to satisfy reference by file (symbol)

/usr/lib/gcc/arm-none-eabi/12.2.1/../../../arm-none-eabi/lib/thumb/v7e-m+fp/hard/libc.a(lib_a-atexit.o)
                              /usr/lib/gcc/arm-none-eabi/12.2.1/../../../arm-none-eabi/lib/thumb/v7e-m+fp/hard/crt0.o (atexit)
/usr/lib/gcc/arm-none-eabi/12.2.1/../../../arm-none-eabi/lib/thumb/v7e-m+fp/hard/libc.a(lib_a-exit.o)
                              /usr/lib/gcc/arm-none-eabi/12.2.1/../../../arm-none-eabi/lib/thumb/v7e-m+fp/hard/crt0.o (exit)
/usr/lib/gcc/arm-none-eabi/12.2.1/../../../arm-none-eabi/lib/thumb/v7e-m+fp/hard/libc.a(lib_a-fini.o)
                              /usr/lib/gcc/arm-none-eabi/12.2.1/../../../arm-none-eabi/lib/thumb/v7e-m+fp/hard/crt0.o (__libc_fini_array)
/usr/lib/gcc/arm-none-eabi/12.2.1/../../../arm-none-eabi/lib/thumb/v7e-m+fp/hard/libc.a(lib_a-impure.o)
                              /usr/lib/gcc/arm-none-eabi/12.2.1/../../../arm-none-eabi/lib/thumb/v7e-m+fp/hard/libc.a(lib_a-exit.o) (_global_impure_ptr)
/usr/lib/gcc/arm-none-eabi/12.2.1/../../../arm-none-eabi/lib/thumb/v7e-m+fp/hard/libc.a(lib_a-init.o)
                              /usr/lib/gcc/arm-none-eabi/12.2.1/../../../arm-none-eabi/lib/thumb/v7e-m+fp/hard/crt0.o (__libc_init_array)
/usr/lib/gcc/arm-none-eabi/12.2.1/../../../arm-none-eabi/lib/thumb/v7e-m+fp/hard/libc.a(lib_a-memset.o)
                              /usr/lib/gcc/arm-none-eabi/12.2.1/../../../arm-none-eabi/lib/thumb/v7e-m+fp/hard/crt0.o (memset)
/usr/lib/gcc/arm-none-eabi/12.2.1/../../../arm-none-eabi/lib/thumb/v7e-m+fp/hard/libc.a(lib_a-__atexit.o)
                              /usr/lib/gcc/arm-none-eabi/12.2.1/../../../arm-none-eabi/lib/thumb/v7e-m+fp/hard/libc.a(lib_a-atexit.o) (__register_exitproc)
/usr/lib/gcc/arm-none-eabi/12.2.1/../../../arm-none-eabi/lib/thumb/v7e-m+fp/hard/libc.a(lib_a-__call_atexit.o)
                              /usr/lib/gcc/arm-none-eabi/12.2.1/../../../arm-none-eabi/lib/thumb/v7e-m+fp/hard/libc.a(lib_a-exit.o) (__call_exitprocs)
lib/libstm32.a(io.o)          lib/i2c.o (io_configure)
lib/libstm32.a(timer.o)       libshield/tsl2561.o (timer_wait_ms)
lib/libstm32.a(uart.o)        src/main_i2c_irq.o (uart_init)
lib/libstm32.a(util.o)        lib/libstm32.a(uart.o) (num2str)

Discarded input sections

 .text          0x00000000        0x0 /usr/lib/gcc/arm-none-eabi/12.2.1/thumb/v7e-m+fp/hard/crti.o
 .data          0x00000000        0x0 /usr/lib/gcc/arm-none-eabi/12.2.1/thumb/v7e-m+fp/hard/crti.o
 .bss           0x00000000        0x0 /usr/lib/gcc/arm-none-eabi/12.2.1/thumb/v7e-m+fp/hard/crti.o
 .data          0x00000000        0x4 /usr/lib/gcc/arm-none-eabi/12.2.1/thumb/v7e-m+fp/hard/crtbegin.o
 .text          0x00000000       0x70 /usr/lib/gcc/arm-none-eabi/12.2.1/../../../arm-none-eabi/lib/thumb/v7e-m+fp/hard/crt0.o
 .data          0x00000000        0x0 /usr/lib/gcc/arm-none-eabi/12.2.1/../../../arm-none-eabi/lib/thumb/v7e-m+fp/hard/crt0.o
 .bss           0x00000000        0x0 /usr/lib/gcc/arm-none-eabi/12.2.1/../../../arm-none-eabi/lib/thumb/v7e-m+fp/hard/crt0.o
 .ARM.extab     0x00000000        0x0 /usr/lib/gcc/arm-none-eabi/12.2.1/../../../arm-none-eabi/lib/thumb/v7e-m+fp/hard/crt0.o
 .ARM.exidx     0x00000000       0x10 /usr/lib/gcc/arm-none-eabi/12.2.1/../../../arm-none-eabi/lib/thumb/v7e-m+fp/hard/crt0.o
 .debug_line    0x00000000       0x87 /usr/lib/gcc/arm-none-eabi/12.2.1/../../../arm-none-eabi/lib/thumb/v7e-m+fp/hard/crt0.o
 .debug_info    0x00000000       0x26 /usr/lib/gcc/arm-none-eabi/12.2.1/../../../arm-none-eabi/lib/thumb/v7e-m+fp/hard/crt0.o
 .debug_abbrev  0x00000000       0x14 /usr/lib/gcc/arm-none-eabi/12.2.1/../../../arm-none-eabi/lib/thumb/v7e-m+fp/hard/crt0.o
 .debug_aranges
                0x00000000       0x20 /usr/lib/gcc/arm-none-eabi/12.2.1/../../../arm-none-eabi/lib/thumb/v7e-m+fp/hard/crt0.o
 .debug_str     0x00000000       0x98 /usr/lib/gcc/arm-none-eabi/12.2.1/../../../arm-none-eabi/lib/thumb/v7e-m+fp/hard/crt0.o
 .ARM.attributes
                0x00000000       0x1c /usr/lib/gcc/arm-none-eabi/12.2.1/../../../arm-none-eabi/lib/thumb/v7e-m+fp/hard/crt0.o
 .text          0x00000000        0x0 startup/stm32f411_periph.o
 .data          0x00000000        0x0 startup/stm32f411_periph.o
 .bss           0x00000000        0x0 startup/stm32f411_periph.o
 .data          0x00000000        0x0 startup/sys_handlers.o
 .bss           0x00000000        0x0 startup/sys_handlers.o
 .bss           0x00000000        0x0 startup/rcc.o
 .text          0x00000000       0x2c libshield/lm75.o
 .data          0x00000000        0x1 libshield/lm75.o
 .bss           0x00000000        0x0 libshield/lm75.o
 .debug_info    0x00000000       0xe9 libshield/lm75.o
 .debug_abbrev  0x00000000       0xa3 libshield/lm75.o
 .debug_aranges
                0x00000000       0x20 libshield/lm75.o
 .debug_line    0x00000000       0x8a libshield/lm75.o
 .debug_str     0x00000000      0x17f libshield/lm75.o
 .comment       0x00000000       0x27 libshield/lm75.o
 .debug_frame   0x00000000       0x28 libshield/lm75.o
 .ARM.attributes
                0x00000000       0x34 libshield/lm75.o
 .data          0x00000000        0x0 libshield/mma7660.o
 .bss           0x00000000        0x0 libshield/mma7660.o
 .data          0x00000000        0x0 libshield/tsl2561.o
 .bss           0x00000000        0x0 libshield/tsl2561.o
 .data          0x00000000        0x0 src/main_i2c_irq.o
 .text          0x00000000        0x0 startup/startup_stm32f411xe.o
 .data          0x00000000        0x0 startup/startup_stm32f411xe.o
 .bss           0x00000000        0x0 startup/startup_stm32f411xe.o
 .data          0x00000000        0x0 /usr/lib/gcc/arm-none-eabi/12.2.1/../../../arm-none-eabi/lib/thumb/v7e-m+fp/hard/libc.a(lib_a-atexit.o)
 .bss           0x00000000        0x0 /usr/lib/gcc/arm-none-eabi/12.2.1/../../../arm-none-eabi/lib/thumb/v7e-m+fp/hard/libc.a(lib_a-atexit.o)
 .text          0x00000000       0x20 /usr/lib/gcc/arm-none-eabi/12.2.1/../../../arm-none-eabi/lib/thumb/v7e-m+fp/hard/libc.a(lib_a-exit.o)
 .data          0x00000000        0x0 /usr/lib/gcc/arm-none-eabi/12.2.1/../../../arm-none-eabi/lib/thumb/v7e-m+fp/hard/libc.a(lib_a-exit.o)
 .bss           0x00000000        0x0 /usr/lib/gcc/arm-none-eabi/12.2.1/../../../arm-none-eabi/lib/thumb/v7e-m+fp/hard/libc.a(lib_a-exit.o)
 .debug_info    0x00000000      0x969 /usr/lib/gcc/arm-none-eabi/12.2.1/../../../arm-none-eabi/lib/thumb/v7e-m+fp/hard/libc.a(lib_a-exit.o)
 .debug_abbrev  0x00000000      0x20c /usr/lib/gcc/arm-none-eabi/12.2.1/../../../arm-none-eabi/lib/thumb/v7e-m+fp/hard/libc.a(lib_a-exit.o)
 .debug_loc     0x00000000       0x22 /usr/lib/gcc/arm-none-eabi/12.2.1/../../../arm-none-eabi/lib/thumb/v7e-m+fp/hard/libc.a(lib_a-exit.o)
 .debug_aranges
                0x00000000       0x20 /usr/lib/gcc/arm-none-eabi/12.2.1/../../../arm-none-eabi/lib/thumb/v7e-m+fp/hard/libc.a(lib_a-exit.o)
 .debug_line    0x00000000      0x179 /usr/lib/gcc/arm-none-eabi/12.2.1/../../../arm-none-eabi/lib/thumb/v7e-m+fp/hard/libc.a(lib_a-exit.o)
 .debug_str     0x00000000      0x58b /usr/lib/gcc/arm-none-eabi/12.2.1/../../../arm-none-eabi/lib/thumb/v7e-m+fp/hard/libc.a(lib_a-exit.o)
 .comment       0x00000000       0x34 /usr/lib/gcc/arm-none-eabi/12.2.1/../../../arm-none-eabi/lib/thumb/v7e-m+fp/hard/libc.a(lib_a-exit.o)
 .debug_frame   0x00000000       0x28 /usr/lib/gcc/arm-none-eabi/12.2.1/../../../arm-none-eabi/lib/thumb/v7e-m+fp/hard/libc.a(lib_a-exit.o)
 .ARM.attributes
                0x00000000       0x34 /usr/lib/gcc/arm-none-eabi/12.2.1/../../../arm-none-eabi/lib/thumb/v7e-m+fp/hard/libc.a(lib_a-exit.o)
 .data          0x00000000        0x0 /usr/lib/gcc/arm-none-eabi/12.2.1/../../../arm-none-eabi/lib/thumb/v7e-m+fp/hard/libc.a(lib_a-fini.o)
 .bss           0x00000000        0x0 /usr/lib/gcc/arm-none-eabi/12.2.1/../../../arm-none-eabi/lib/thumb/v7e-m+fp/hard/libc.a(lib_a-fini.o)
 .text          0x00000000        0x0 /usr/lib/gcc/arm-none-eabi/12.2.1/../../../arm-none-eabi/lib/thumb/v7e-m+fp/hard/libc.a(lib_a-impure.o)
 .bss           0x00000000        0x0 /usr/lib/gcc/arm-none-eabi/12.2.1/../../../arm-none-eabi/lib/thumb/v7e-m+fp/hard/libc.a(lib_a-impure.o)
 .data          0x00000000        0x0 /usr/lib/gcc/arm-none-eabi/12.2.1/../../../arm-none-eabi/lib/thumb/v7e-m+fp/hard/libc.a(lib_a-init.o)
 .bss           0x00000000        0x0 /usr/lib/gcc/arm-none-eabi/12.2.1/../../../arm-none-eabi/lib/thumb/v7e-m+fp/hard/libc.a(lib_a-init.o)
 .text          0x00000000       0xa4 /usr/lib/gcc/arm-none-eabi/12.2.1/../../../arm-none-eabi/lib/thumb/v7e-m+fp/hard/libc.a(lib_a-memset.o)
 .data          0x00000000        0x0 /usr/lib/gcc/arm-none-eabi/12.2.1/../../../arm-none-eabi/lib/thumb/v7e-m+fp/hard/libc.a(lib_a-memset.o)
 .bss           0x00000000        0x0 /usr/lib/gcc/arm-none-eabi/12.2.1/../../../arm-none-eabi/lib/thumb/v7e-m+fp/hard/libc.a(lib_a-memset.o)
 .debug_info    0x00000000      0x137 /usr/lib/gcc/arm-none-eabi/12.2.1/../../../arm-none-eabi/lib/thumb/v7e-m+fp/hard/libc.a(lib_a-memset.o)
 .debug_abbrev  0x00000000       0xb4 /usr/lib/gcc/arm-none-eabi/12.2.1/../../../arm-none-eabi/lib/thumb/v7e-m+fp/hard/libc.a(lib_a-memset.o)
 .debug_loc     0x00000000      0x22c /usr/lib/gcc/arm-none-eabi/12.2.1/../../../arm-none-eabi/lib/thumb/v7e-m+fp/hard/libc.a(lib_a-memset.o)
 .debug_aranges
                0x00000000       0x20 /usr/lib/gcc/arm-none-eabi/12.2.1/../../../arm-none-eabi/lib/thumb/v7e-m+fp/hard/libc.a(lib_a-memset.o)
 .debug_line    0x00000000      0x1bf /usr/lib/gcc/arm-none-eabi/12.2.1/../../../arm-none-eabi/lib/thumb/v7e-m+fp/hard/libc.a(lib_a-memset.o)
 .debug_str     0x00000000      0x1bb /usr/lib/gcc/arm-none-eabi/12.2.1/../../../arm-none-eabi/lib/thumb/v7e-m+fp/hard/libc.a(lib_a-memset.o)
 .comment       0x00000000       0x34 /usr/lib/gcc/arm-none-eabi/12.2.1/../../../arm-none-eabi/lib/thumb/v7e-m+fp/hard/libc.a(lib_a-memset.o)
 .debug_frame   0x00000000       0x2c /usr/lib/gcc/arm-none-eabi/12.2.1/../../../arm-none-eabi/lib/thumb/v7e-m+fp/hard/libc.a(lib_a-memset.o)
 .ARM.attributes
                0x00000000       0x34 /usr/lib/gcc/arm-none-eabi/12.2.1/../../../arm-none-eabi/lib/thumb/v7e-m+fp/hard/libc.a(lib_a-memset.o)
 .data          0x00000000        0x0 /usr/lib/gcc/arm-none-eabi/12.2.1/../../../arm-none-eabi/lib/thumb/v7e-m+fp/hard/libc.a(lib_a-__atexit.o)
 .bss           0x00000000        0x0 /usr/lib/gcc/arm-none-eabi/12.2.1/../../../arm-none-eabi/lib/thumb/v7e-m+fp/hard/libc.a(lib_a-__atexit.o)
 .text          0x00000000       0xb8 /usr/lib/gcc/arm-none-eabi/12.2.1/../../../arm-none-eabi/lib/thumb/v7e-m+fp/hard/libc.a(lib_a-__call_atexit.o)
 .data          0x00000000        0x0 /usr/lib/gcc/arm-none-eabi/12.2.1/../../../arm-none-eabi/lib/thumb/v7e-m+fp/hard/libc.a(lib_a-__call_atexit.o)
 .bss           0x00000000        0x0 /usr/lib/gcc/arm-none-eabi/12.2.1/../../../arm-none-eabi/lib/thumb/v7e-m+fp/hard/libc.a(lib_a-__call_atexit.o)
 .data          0x00000000        0x0 lib/libstm32.a(io.o)
 .data          0x00000000        0x0 lib/libstm32.a(timer.o)
 .data          0x00000000        0x0 lib/libstm32.a(uart.o)
 .bss           0x00000000        0x0 lib/libstm32.a(util.o)
 .text          0x00000000        0x0 /usr/lib/gcc/arm-none-eabi/12.2.1/thumb/v7e-m+fp/hard/crtend.o
 .data          0x00000000        0x0 /usr/lib/gcc/arm-none-eabi/12.2.1/thumb/v7e-m+fp/hard/crtend.o
 .bss           0x00000000        0x0 /usr/lib/gcc/arm-none-eabi/12.2.1/thumb/v7e-m+fp/hard/crtend.o
 .eh_frame      0x00000000        0x4 /usr/lib/gcc/arm-none-eabi/12.2.1/thumb/v7e-m+fp/hard/crtend.o
 .text          0x00000000        0x0 /usr/lib/gcc/arm-none-eabi/12.2.1/thumb/v7e-m+fp/hard/crtn.o
 .data          0x00000000        0x0 /usr/lib/gcc/arm-none-eabi/12.2.1/thumb/v7e-m+fp/hard/crtn.o
 .bss           0x00000000        0x0 /usr/lib/gcc/arm-none-eabi/12.2.1/thumb/v7e-m+fp/hard/crtn.o

Memory Configuration

Name             Origin             Length             Attributes
FLASH            0x08000000         0x00080000         xr
RAM              0x20000000         0x00020000         xrw
*default*        0x00000000         0xffffffff

Linker script and memory map

LOAD /usr/lib/gcc/arm-none-eabi/12.2.1/thumb/v7e-m+fp/hard/crti.o
LOAD /usr/lib/gcc/arm-none-eabi/12.2.1/thumb/v7e-m+fp/hard/crtbegin.o
LOAD /usr/lib/gcc/arm-none-eabi/12.2.1/../../../arm-none-eabi/lib/thumb/v7e-m+fp/hard/crt0.o
LOAD startup/stm32f411_periph.o
LOAD startup/sys_handlers.o
LOAD startup/rcc.o
LOAD startup/system_stm32f4xx.o
LOAD lib/i2c.o
LOAD libshield/lm75.o
LOAD libshield/mma7660.o
LOAD libshield/tsl2561.o
LOAD src/main_i2c_irq.o
LOAD startup/startup_stm32f411xe.o
LOAD /usr/lib/gcc/arm-none-eabi/12.2.1/../../../arm-none-eabi/lib/thumb/v7e-m+fp/hard/libc.a
LOAD /usr/lib/gcc/arm-none-eabi/12.2.1/thumb/v7e-m+fp/hard/libgcc.a
LOAD /usr/lib/gcc/arm-none-eabi/12.2.1/thumb/v7e-m+fp/hard/libgcov.a
LOAD /usr/lib/gcc/arm-none-eabi/12.2.1/../../../arm-none-eabi/lib/thumb/v7e-m+fp/hard/libm.a
LOAD lib/libstm32.a
START GROUP
LOAD /usr/lib/gcc/arm-none-eabi/12.2.1/thumb/v7e-m+fp/hard/libgcc.a
LOAD /usr/lib/gcc/arm-none-eabi/12.2.1/../../../arm-none-eabi/lib/thumb/v7e-m+fp/hard/libc.a
END GROUP
LOAD /usr/lib/gcc/arm-none-eabi/12.2.1/thumb/v7e-m+fp/hard/crtend.o
LOAD /usr/lib/gcc/arm-none-eabi/12.2.1/thumb/v7e-m+fp/hard/crtn.o
                0x20020000                        _estack = 0x20020000
                0x00000200                        _Min_Heap_Size = 0x200
                0x00000400                        _Min_Stack_Size = 0x400

.isr_vector     0x08000000      0x198
                0x08000000                        . = ALIGN (0x4)
 *(.isr_vector)
 .isr_vector    0x08000000      0x198 startup/startup_stm32f411xe.o
                0x08000000                g_pfnVectors
                0x08000198                        . = ALIGN (0x4)

.text           0x08000198     0x2b78
                0x08000198                        . = ALIGN (0x4)
 *(.text)
 .text          0x08000198       0x88 /usr/lib/gcc/arm-none-eabi/12.2.1/thumb/v7e-m+fp/hard/crtbegin.o
 .text          0x08000220       0x24 startup/sys_handlers.o
                0x08000220                NMI_Handler
                0x08000224                HardFault_Handler
                0x08000228                MemManage_Handler
                0x0800022c                BusFault_Handler
                0x08000230                UsageFault_Handler
                0x08000234                SVC_Handler
                0x08000238                DebugMon_Handler
                0x0800023c                PendSV_Handler
                0x08000240                SysTick_Handler
 .text          0x08000244      0x3ec startup/rcc.o
                0x08000454                rcc_config_clock
 .text          0x08000630      0x16c startup/system_stm32f4xx.o
                0x08000630                SystemInit
                0x080006a4                SystemCoreClockUpdate
 .text          0x0800079c      0x698 lib/i2c.o
                0x08000868                event_handler
                0x08000a34                err_handler
                0x08000aca                I2C1_EV_IRQHandler
                0x08000adc                I2C1_ER_IRQHandler
                0x08000aec                I2C2_EV_IRQHandler
                0x08000afc                I2C2_ER_IRQHandler
                0x08000b0c                I2C3_EV_IRQHandler
                0x08000b1c                I2C3_ER_IRQHandler
                0x08000b2c                i2c_master_init
                0x08000c64                i2c_write
                0x08000cfe                i2c_read
                0x08000d98                i2c_write_read
 .text          0x08000e34       0xa8 libshield/mma7660.o
                0x08000e34                mma7660_setup
                0x08000ecc                mma7660_read_XYZT
 .text          0x08000edc      0x41c libshield/tsl2561.o
                0x08000edc                readRegister
                0x08000f3c                writeRegister
                0x08000f90                TSL2561_init
                0x08000fc0                TSL2561_configure
                0x08001050                readIR
                0x08001130                readVisibleAndIR
                0x08001210                readVisible
 .text          0x080012f8      0x1e0 src/main_i2c_irq.o
                0x08001314                main
 .text          0x080014d8        0xc /usr/lib/gcc/arm-none-eabi/12.2.1/../../../arm-none-eabi/lib/thumb/v7e-m+fp/hard/libc.a(lib_a-atexit.o)
                0x080014d8                atexit
 .text          0x080014e4       0x2c /usr/lib/gcc/arm-none-eabi/12.2.1/../../../arm-none-eabi/lib/thumb/v7e-m+fp/hard/libc.a(lib_a-fini.o)
                0x080014e4                __libc_fini_array
 .text          0x08001510       0x48 /usr/lib/gcc/arm-none-eabi/12.2.1/../../../arm-none-eabi/lib/thumb/v7e-m+fp/hard/libc.a(lib_a-init.o)
                0x08001510                __libc_init_array
 .text          0x08001558       0x68 /usr/lib/gcc/arm-none-eabi/12.2.1/../../../arm-none-eabi/lib/thumb/v7e-m+fp/hard/libc.a(lib_a-__atexit.o)
                0x08001558                __register_exitproc
 .text          0x080015c0      0x8f0 lib/libstm32.a(io.o)
                0x0800163c                EXTI0_IRQHandler
                0x08001660                EXTI1_IRQHandler
                0x08001684                EXTI2_IRQHandler
                0x080016a8                EXTI3_IRQHandler
                0x080016cc                EXTI4_IRQHandler
                0x080016f0                EXTI9_5_IRQHandler
                0x080017c0                EXTI15_10_IRQHandler
                0x080018bc                io_configure
                0x08001dec                io_read
                0x08001e08                io_write
                0x08001e44                io_write_n
                0x08001e7c                io_set
                0x08001e94                io_clear
 .text          0x08001eb0      0x8a8 lib/libstm32.a(timer.o)
                0x08001f2c                TIM2_IRQHandler
                0x08001f58                TIM3_IRQHandler
                0x08001f84                TIM4_IRQHandler
                0x08001fb0                TIM5_IRQHandler
                0x08001fdc                timer_wait_ms
                0x08002174                timer_wait_us
                0x08002304                timer_tick_init
                0x08002474                timer_tick_period
                0x08002498                timer_start
                0x080024b4                timer_stop
                0x080024cc                pwm_init
                0x08002630                pwm_channel_enable
                0x080026f0                pwm_channel_disable
                0x08002714                pwm_channel_set
 .text          0x08002758      0x404 lib/libstm32.a(uart.o)
                0x080027d4                USART2_IRQHandler
                0x08002868                uart_init
                0x08002998                uart_getc
                0x080029b8                uart_getchar
                0x080029dc                uart_putc
                0x08002a04                uart_puts
                0x08002a34                uart_printf
 .text          0x08002b5c      0x138 lib/libstm32.a(util.o)
                0x08002b5c                num2str
                0x08002bf8                str2num
 *(.text*)
 .text.Reset_Handler
                0x08002c94       0x4c startup/startup_stm32f411xe.o
                0x08002c94                Reset_Handler
                0x08002cc6                _exit
 .text.Default_Handler
                0x08002ce0        0x2 startup/startup_stm32f411xe.o
                0x08002ce0                RTC_Alarm_IRQHandler
                0x08002ce0                SPI4_IRQHandler
                0x08002ce0                TIM1_CC_IRQHandler
                0x08002ce0                DMA2_Stream5_IRQHandler
                0x08002ce0                DMA1_Stream5_IRQHandler
                0x08002ce0                PVD_IRQHandler
                0x08002ce0                SDIO_IRQHandler
                0x08002ce0                TAMP_STAMP_IRQHandler
                0x08002ce0                TIM1_UP_TIM10_IRQHandler
                0x08002ce0                DMA1_Stream2_IRQHandler
                0x08002ce0                FPU_IRQHandler
                0x08002ce0                DMA2_Stream2_IRQHandler
                0x08002ce0                SPI1_IRQHandler
                0x08002ce0                TIM1_BRK_TIM9_IRQHandler
                0x08002ce0                DMA2_Stream3_IRQHandler
                0x08002ce0                USART6_IRQHandler
                0x08002ce0                DMA2_Stream0_IRQHandler
                0x08002ce0                DMA1_Stream6_IRQHandler
                0x08002ce0                DMA1_Stream1_IRQHandler
                0x08002ce0                RCC_IRQHandler
                0x08002ce0                Default_Handler
                0x08002ce0                ADC_IRQHandler
                0x08002ce0                DMA1_Stream7_IRQHandler
                0x08002ce0                SPI5_IRQHandler
                0x08002ce0                DMA2_Stream7_IRQHandler
                0x08002ce0                RTC_WKUP_IRQHandler
                0x08002ce0                SPI2_IRQHandler
                0x08002ce0                DMA1_Stream0_IRQHandler
                0x08002ce0                WWDG_IRQHandler
                0x08002ce0                OTG_FS_WKUP_IRQHandler
                0x08002ce0                TIM1_TRG_COM_TIM11_IRQHandler
                0x08002ce0                DMA2_Stream1_IRQHandler
                0x08002ce0                FLASH_IRQHandler
                0x08002ce0                DMA2_Stream4_IRQHandler
                0x08002ce0                USART1_IRQHandler
                0x08002ce0                OTG_FS_IRQHandler
                0x08002ce0                SPI3_IRQHandler
                0x08002ce0                DMA1_Stream4_IRQHandler
                0x08002ce0                DMA2_Stream6_IRQHandler
                0x08002ce0                DMA1_Stream3_IRQHandler
 *fill*         0x08002ce2        0x2 
 .text.startup  0x08002ce4       0x14 /usr/lib/gcc/arm-none-eabi/12.2.1/../../../arm-none-eabi/lib/thumb/v7e-m+fp/hard/libc.a(lib_a-__call_atexit.o)
 *(.glue_7)
 .glue_7        0x08002cf8        0x0 linker stubs
 *(.glue_7t)
 .glue_7t       0x08002cf8        0x0 linker stubs
 *(.eh_frame)
 .eh_frame      0x08002cf8        0x0 /usr/lib/gcc/arm-none-eabi/12.2.1/thumb/v7e-m+fp/hard/crtbegin.o
 *(.init)
 .init          0x08002cf8        0x4 /usr/lib/gcc/arm-none-eabi/12.2.1/thumb/v7e-m+fp/hard/crti.o
                0x08002cf8                _init
 .init          0x08002cfc        0x8 /usr/lib/gcc/arm-none-eabi/12.2.1/thumb/v7e-m+fp/hard/crtn.o
 *(.fini)
 .fini          0x08002d04        0x4 /usr/lib/gcc/arm-none-eabi/12.2.1/thumb/v7e-m+fp/hard/crti.o
                0x08002d04                _fini
 .fini          0x08002d08        0x8 /usr/lib/gcc/arm-none-eabi/12.2.1/thumb/v7e-m+fp/hard/crtn.o
                0x08002d10                        . = ALIGN (0x4)
                0x08002d10                        _etext = .

.vfp11_veneer   0x08002d10        0x0
 .vfp11_veneer  0x08002d10        0x0 linker stubs

.v4_bx          0x08002d10        0x0
 .v4_bx         0x08002d10        0x0 linker stubs

.iplt           0x08002d10        0x0
 .iplt          0x08002d10        0x0 /usr/lib/gcc/arm-none-eabi/12.2.1/thumb/v7e-m+fp/hard/crtbegin.o

.rodata         0x08002d10      0x248
                0x08002d10                        . = ALIGN (0x4)
 *(.rodata)
 .rodata        0x08002d10       0x24 /usr/lib/gcc/arm-none-eabi/12.2.1/thumb/v7e-m+fp/hard/crtbegin.o
 .rodata        0x08002d34      0x114 startup/stm32f411_periph.o
                0x08002d34                _SCnSCB
                0x08002d38                _SCB
                0x08002d3c                _SysTick
                0x08002d40                _NVIC
                0x08002d44                _ITM
                0x08002d48                _DWT
                0x08002d4c                _TPI
                0x08002d50                _CoreDebug
                0x08002d54                _MPU
                0x08002d58                _FPU
                0x08002d5c                _TIM2
                0x08002d60                _TIM3
                0x08002d64                _TIM4
                0x08002d68                _TIM5
                0x08002d6c                _RTC
                0x08002d70                _WWDG
                0x08002d74                _IWDG
                0x08002d78                _I2S2ext
                0x08002d7c                _SPI2
                0x08002d80                _SPI3
                0x08002d84                _I2S3ext
                0x08002d88                _USART2
                0x08002d8c                _I2C1
                0x08002d90                _I2C2
                0x08002d94                _I2C3
                0x08002d98                _PWR
                0x08002d9c                _TIM1
                0x08002da0                _USART1
                0x08002da4                _USART6
                0x08002da8                _ADC1
                0x08002dac                _ADC
                0x08002db0                _SDIO
                0x08002db4                _SPI1
                0x08002db8                _SPI4
                0x08002dbc                _SYSCFG
                0x08002dc0                _EXTI
                0x08002dc4                _TIM9
                0x08002dc8                _TIM10
                0x08002dcc                _TIM11
                0x08002dd0                _SPI5
                0x08002dd4                _GPIOA
                0x08002dd8                _GPIOB
                0x08002ddc                _GPIOC
                0x08002de0                _GPIOD
                0x08002de4                _GPIOE
                0x08002de8                _GPIOH
                0x08002dec                _CRC
                0x08002df0                _RCC
                0x08002df4                _FLASH
                0x08002df8                _DMA1
                0x08002dfc                _DMA1_Stream0
                0x08002e00                _DMA1_Stream1
                0x08002e04                _DMA1_Stream2
                0x08002e08                _DMA1_Stream3
                0x08002e0c                _DMA1_Stream4
                0x08002e10                _DMA1_Stream5
                0x08002e14                _DMA1_Stream6
                0x08002e18                _DMA1_Stream7
                0x08002e1c                _DMA2
                0x08002e20                _DMA2_Stream0
                0x08002e24                _DMA2_Stream1
                0x08002e28                _DMA2_Stream2
                0x08002e2c                _DMA2_Stream3
                0x08002e30                _DMA2_Stream4
                0x08002e34                _DMA2_Stream5
                0x08002e38                _DMA2_Stream6
                0x08002e3c                _DMA2_Stream7
                0x08002e40                _DBGMCU
                0x08002e44                _USB_OTG_FS
 .rodata        0x08002e48       0x10 startup/system_stm32f4xx.o
                0x08002e48                AHBPrescTable
 .rodata        0x08002e58       0x2e libshield/tsl2561.o
 *fill*         0x08002e86        0x2 
 .rodata        0x08002e88       0xa7 src/main_i2c_irq.o
 *fill*         0x08002f2f        0x1 
 .rodata        0x08002f30        0x4 /usr/lib/gcc/arm-none-eabi/12.2.1/../../../arm-none-eabi/lib/thumb/v7e-m+fp/hard/libc.a(lib_a-impure.o)
                0x08002f30                _global_impure_ptr
 .rodata        0x08002f34       0x24 /usr/lib/gcc/arm-none-eabi/12.2.1/thumb/v7e-m+fp/hard/crtend.o
 *(.rodata*)
                0x08002f58                        . = ALIGN (0x4)

.rel.dyn        0x08002f58        0x0
 .rel.iplt      0x08002f58        0x0 /usr/lib/gcc/arm-none-eabi/12.2.1/thumb/v7e-m+fp/hard/crtbegin.o

.ARM.extab
 *(.ARM.extab* .gnu.linkonce.armextab.*)

.ARM            0x08002f58        0x0
                0x08002f58                        __exidx_start = .
 *(.ARM.exidx*)
                0x08002f58                        __exidx_end = .

.preinit_array  0x08002f58        0x0
                0x08002f58                        PROVIDE (__preinit_array_start = .)
 *(.preinit_array*)
                0x08002f58                        PROVIDE (__preinit_array_end = .)

.init_array     0x08002f58        0x8
                0x08002f58                        PROVIDE (__init_array_start = .)
 *(SORT_BY_NAME(.init_array.*))
 .init_array.00000
                0x08002f58        0x4 /usr/lib/gcc/arm-none-eabi/12.2.1/../../../arm-none-eabi/lib/thumb/v7e-m+fp/hard/libc.a(lib_a-__call_atexit.o)
 *(.init_array*)
 .init_array    0x08002f5c        0x4 /usr/lib/gcc/arm-none-eabi/12.2.1/thumb/v7e-m+fp/hard/crtbegin.o
                0x08002f60                        PROVIDE (__init_array_end = .)

.fini_array     0x08002f60        0x4
                0x08002f60                        PROVIDE (__fini_array_start = .)
 *(SORT_BY_NAME(.fini_array.*))
 *(.fini_array*)
 .fini_array    0x08002f60        0x4 /usr/lib/gcc/arm-none-eabi/12.2.1/thumb/v7e-m+fp/hard/crtbegin.o
                0x08002f64                        PROVIDE (__fini_array_end = .)
                0x08002f64                        _sidata = LOADADDR (.data)

.data           0x20000000      0x554 load address 0x08002f64
                0x20000000                        . = ALIGN (0x4)
                0x20000000                        _sdata = .
 *(.data)
 .data          0x20000000       0xa8 startup/rcc.o
 .data          0x200000a8        0x4 startup/system_stm32f4xx.o
                0x200000a8                SystemCoreClock
 .data          0x200000ac       0x60 lib/i2c.o
 *fill*         0x2000010c        0x4 
 .data          0x20000110      0x430 /usr/lib/gcc/arm-none-eabi/12.2.1/../../../arm-none-eabi/lib/thumb/v7e-m+fp/hard/libc.a(lib_a-impure.o)
                0x20000110                _impure_ptr
 .data          0x20000540       0x11 lib/libstm32.a(util.o)
 *(.data*)
                0x20000554                        . = ALIGN (0x4)
 *fill*         0x20000551        0x3 
                0x20000554                        _edata = .

.tm_clone_table
                0x20000554        0x0 load address 0x080034b8
 .tm_clone_table
                0x20000554        0x0 /usr/lib/gcc/arm-none-eabi/12.2.1/thumb/v7e-m+fp/hard/crtbegin.o
 .tm_clone_table
                0x20000554        0x0 /usr/lib/gcc/arm-none-eabi/12.2.1/thumb/v7e-m+fp/hard/crtend.o

.igot.plt       0x20000554        0x0 load address 0x080034b8
 .igot.plt      0x20000554        0x0 /usr/lib/gcc/arm-none-eabi/12.2.1/thumb/v7e-m+fp/hard/crtbegin.o
                0x20000554                        . = ALIGN (0x4)

.bss            0x20000554       0xc0 load address 0x080034b8
                0x20000554                        _sbss = .
                0x20000554                        __bss_start__ = _sbss
 *(.bss)
 .bss           0x20000554       0x1c /usr/lib/gcc/arm-none-eabi/12.2.1/thumb/v7e-m+fp/hard/crtbegin.o
 .bss           0x20000570       0x14 startup/system_stm32f4xx.o
                0x20000570                sysclks
 .bss           0x20000584        0x4 lib/i2c.o
                0x20000584                nb_irqs_i2c
 .bss           0x20000588       0x38 src/main_i2c_irq.o
                0x20000588                cmd
                0x2000058c                buf
                0x20000598                buffer
                0x200005a8                moy
                0x200005b8                tmp
                0x200005bc                k
 .bss           0x200005c0       0x40 lib/libstm32.a(io.o)
 .bss           0x20000600       0x10 lib/libstm32.a(timer.o)
 .bss           0x20000610        0x4 lib/libstm32.a(uart.o)
 *(.bss*)
 *(COMMON)
                0x20000614                        . = ALIGN (0x4)
                0x20000614                        _ebss = .
                0x20000614                        __bss_end__ = _ebss

._user_heap_stack
                0x20000614      0x600 load address 0x080034b8
                0x20000614                        . = ALIGN (0x4)
                [!provide]                        PROVIDE (end = .)
                [!provide]                        PROVIDE (_end = .)
                0x20000814                        . = (. + _Min_Heap_Size)
 *fill*         0x20000614      0x200 
                0x20000c14                        . = (. + _Min_Stack_Size)
 *fill*         0x20000814      0x400 
                0x20000c14                        . = ALIGN (0x4)

/DISCARD/
 libc.a(*)
 libm.a(*)
 libgcc.a(*)

.ARM.attributes
                0x00000000       0x30
 *(.ARM.attributes)
 .ARM.attributes
                0x00000000       0x22 /usr/lib/gcc/arm-none-eabi/12.2.1/thumb/v7e-m+fp/hard/crti.o
 .ARM.attributes
                0x00000022       0x34 /usr/lib/gcc/arm-none-eabi/12.2.1/thumb/v7e-m+fp/hard/crtbegin.o
 .ARM.attributes
                0x00000056       0x34 startup/stm32f411_periph.o
 .ARM.attributes
                0x0000008a       0x34 startup/sys_handlers.o
 .ARM.attributes
                0x000000be       0x34 startup/rcc.o
 .ARM.attributes
                0x000000f2       0x34 startup/system_stm32f4xx.o
 .ARM.attributes
                0x00000126       0x34 lib/i2c.o
 .ARM.attributes
                0x0000015a       0x34 libshield/mma7660.o
 .ARM.attributes
                0x0000018e       0x34 libshield/tsl2561.o
 .ARM.attributes
                0x000001c2       0x34 src/main_i2c_irq.o
 .ARM.attributes
                0x000001f6       0x21 startup/startup_stm32f411xe.o
 .ARM.attributes
                0x00000217       0x34 /usr/lib/gcc/arm-none-eabi/12.2.1/../../../arm-none-eabi/lib/thumb/v7e-m+fp/hard/libc.a(lib_a-atexit.o)
 .ARM.attributes
                0x0000024b       0x34 /usr/lib/gcc/arm-none-eabi/12.2.1/../../../arm-none-eabi/lib/thumb/v7e-m+fp/hard/libc.a(lib_a-fini.o)
 .ARM.attributes
                0x0000027f       0x32 /usr/lib/gcc/arm-none-eabi/12.2.1/../../../arm-none-eabi/lib/thumb/v7e-m+fp/hard/libc.a(lib_a-impure.o)
 .ARM.attributes
                0x000002b1       0x34 /usr/lib/gcc/arm-none-eabi/12.2.1/../../../arm-none-eabi/lib/thumb/v7e-m+fp/hard/libc.a(lib_a-init.o)
 .ARM.attributes
                0x000002e5       0x34 /usr/lib/gcc/arm-none-eabi/12.2.1/../../../arm-none-eabi/lib/thumb/v7e-m+fp/hard/libc.a(lib_a-__atexit.o)
 .ARM.attributes
                0x00000319       0x34 /usr/lib/gcc/arm-none-eabi/12.2.1/../../../arm-none-eabi/lib/thumb/v7e-m+fp/hard/libc.a(lib_a-__call_atexit.o)
 .ARM.attributes
                0x0000034d       0x39 lib/libstm32.a(io.o)
 .ARM.attributes
                0x00000386       0x39 lib/libstm32.a(timer.o)
 .ARM.attributes
                0x000003bf       0x39 lib/libstm32.a(uart.o)
 .ARM.attributes
                0x000003f8       0x39 lib/libstm32.a(util.o)
 .ARM.attributes
                0x00000431       0x34 /usr/lib/gcc/arm-none-eabi/12.2.1/thumb/v7e-m+fp/hard/crtend.o
 .ARM.attributes
                0x00000465       0x22 /usr/lib/gcc/arm-none-eabi/12.2.1/thumb/v7e-m+fp/hard/crtn.o
OUTPUT(main.elf elf32-littlearm)
LOAD linker stubs
LOAD /usr/lib/gcc/arm-none-eabi/12.2.1/../../../arm-none-eabi/lib/thumb/v7e-m+fp/hard/libc.a
LOAD /usr/lib/gcc/arm-none-eabi/12.2.1/../../../arm-none-eabi/lib/thumb/v7e-m+fp/hard/libm.a
LOAD /usr/lib/gcc/arm-none-eabi/12.2.1/thumb/v7e-m+fp/hard/libgcc.a

.comment        0x00000000       0xc7
 .comment       0x00000000       0x26 /usr/lib/gcc/arm-none-eabi/12.2.1/thumb/v7e-m+fp/hard/crtbegin.o
                                 0x27 (size before relaxing)
 .comment       0x00000026       0x27 startup/stm32f411_periph.o
 .comment       0x00000026       0x27 startup/sys_handlers.o
 .comment       0x00000026       0x27 startup/rcc.o
 .comment       0x00000026       0x27 startup/system_stm32f4xx.o
 .comment       0x00000026       0x27 lib/i2c.o
 .comment       0x00000026       0x27 libshield/mma7660.o
 .comment       0x00000026       0x27 libshield/tsl2561.o
 .comment       0x00000026       0x27 src/main_i2c_irq.o
 .comment       0x00000026       0x33 /usr/lib/gcc/arm-none-eabi/12.2.1/../../../arm-none-eabi/lib/thumb/v7e-m+fp/hard/libc.a(lib_a-atexit.o)
                                 0x34 (size before relaxing)
 .comment       0x00000059       0x34 /usr/lib/gcc/arm-none-eabi/12.2.1/../../../arm-none-eabi/lib/thumb/v7e-m+fp/hard/libc.a(lib_a-fini.o)
 .comment       0x00000059       0x34 /usr/lib/gcc/arm-none-eabi/12.2.1/../../../arm-none-eabi/lib/thumb/v7e-m+fp/hard/libc.a(lib_a-impure.o)
 .comment       0x00000059       0x34 /usr/lib/gcc/arm-none-eabi/12.2.1/../../../arm-none-eabi/lib/thumb/v7e-m+fp/hard/libc.a(lib_a-init.o)
 .comment       0x00000059       0x34 /usr/lib/gcc/arm-none-eabi/12.2.1/../../../arm-none-eabi/lib/thumb/v7e-m+fp/hard/libc.a(lib_a-__atexit.o)
 .comment       0x00000059       0x34 /usr/lib/gcc/arm-none-eabi/12.2.1/../../../arm-none-eabi/lib/thumb/v7e-m+fp/hard/libc.a(lib_a-__call_atexit.o)
 .comment       0x00000059       0x6e lib/libstm32.a(io.o)
                                 0x6f (size before relaxing)
 .comment       0x000000c7       0x6f lib/libstm32.a(timer.o)
 .comment       0x000000c7       0x6f lib/libstm32.a(uart.o)
 .comment       0x000000c7       0x6f lib/libstm32.a(util.o)
 .comment       0x000000c7       0x27 /usr/lib/gcc/arm-none-eabi/12.2.1/thumb/v7e-m+fp/hard/crtend.o

.debug_info     0x00000000     0x8e5a
 .debug_info    0x00000000     0x221d startup/stm32f411_periph.o
 .debug_info    0x0000221d      0x104 startup/sys_handlers.o
 .debug_info    0x00002321      0x54a startup/rcc.o
 .debug_info    0x0000286b      0x5ba startup/system_stm32f4xx.o
 .debug_info    0x00002e25      0xda6 lib/i2c.o
 .debug_info    0x00003bcb      0x247 libshield/mma7660.o
 .debug_info    0x00003e12      0x645 libshield/tsl2561.o
 .debug_info    0x00004457      0x36f src/main_i2c_irq.o
 .debug_info    0x000047c6       0x30 startup/startup_stm32f411xe.o
 .debug_info    0x000047f6      0x100 /usr/lib/gcc/arm-none-eabi/12.2.1/../../../arm-none-eabi/lib/thumb/v7e-m+fp/hard/libc.a(lib_a-atexit.o)
 .debug_info    0x000048f6      0x102 /usr/lib/gcc/arm-none-eabi/12.2.1/../../../arm-none-eabi/lib/thumb/v7e-m+fp/hard/libc.a(lib_a-fini.o)
 .debug_info    0x000049f8      0x92a /usr/lib/gcc/arm-none-eabi/12.2.1/../../../arm-none-eabi/lib/thumb/v7e-m+fp/hard/libc.a(lib_a-impure.o)
 .debug_info    0x00005322      0x11a /usr/lib/gcc/arm-none-eabi/12.2.1/../../../arm-none-eabi/lib/thumb/v7e-m+fp/hard/libc.a(lib_a-init.o)
 .debug_info    0x0000543c      0x9b0 /usr/lib/gcc/arm-none-eabi/12.2.1/../../../arm-none-eabi/lib/thumb/v7e-m+fp/hard/libc.a(lib_a-__atexit.o)
 .debug_info    0x00005dec      0xa3d /usr/lib/gcc/arm-none-eabi/12.2.1/../../../arm-none-eabi/lib/thumb/v7e-m+fp/hard/libc.a(lib_a-__call_atexit.o)
 .debug_info    0x00006829      0xcc5 lib/libstm32.a(io.o)
 .debug_info    0x000074ee      0xcde lib/libstm32.a(timer.o)
 .debug_info    0x000081cc      0xb5e lib/libstm32.a(uart.o)
 .debug_info    0x00008d2a      0x130 lib/libstm32.a(util.o)

.debug_abbrev   0x00000000     0x1c7a
 .debug_abbrev  0x00000000      0x16b startup/stm32f411_periph.o
 .debug_abbrev  0x0000016b       0x45 startup/sys_handlers.o
 .debug_abbrev  0x000001b0      0x18b startup/rcc.o
 .debug_abbrev  0x0000033b      0x190 startup/system_stm32f4xx.o
 .debug_abbrev  0x000004cb      0x2d0 lib/i2c.o
 .debug_abbrev  0x0000079b      0x14e libshield/mma7660.o
 .debug_abbrev  0x000008e9      0x188 libshield/tsl2561.o
 .debug_abbrev  0x00000a71      0x194 src/main_i2c_irq.o
 .debug_abbrev  0x00000c05       0x1d startup/startup_stm32f411xe.o
 .debug_abbrev  0x00000c22       0xb7 /usr/lib/gcc/arm-none-eabi/12.2.1/../../../arm-none-eabi/lib/thumb/v7e-m+fp/hard/libc.a(lib_a-atexit.o)
 .debug_abbrev  0x00000cd9       0xcf /usr/lib/gcc/arm-none-eabi/12.2.1/../../../arm-none-eabi/lib/thumb/v7e-m+fp/hard/libc.a(lib_a-fini.o)
 .debug_abbrev  0x00000da8      0x1b8 /usr/lib/gcc/arm-none-eabi/12.2.1/../../../arm-none-eabi/lib/thumb/v7e-m+fp/hard/libc.a(lib_a-impure.o)
 .debug_abbrev  0x00000f60       0xcc /usr/lib/gcc/arm-none-eabi/12.2.1/../../../arm-none-eabi/lib/thumb/v7e-m+fp/hard/libc.a(lib_a-init.o)
 .debug_abbrev  0x0000102c      0x23f /usr/lib/gcc/arm-none-eabi/12.2.1/../../../arm-none-eabi/lib/thumb/v7e-m+fp/hard/libc.a(lib_a-__atexit.o)
 .debug_abbrev  0x0000126b      0x2b2 /usr/lib/gcc/arm-none-eabi/12.2.1/../../../arm-none-eabi/lib/thumb/v7e-m+fp/hard/libc.a(lib_a-__call_atexit.o)
 .debug_abbrev  0x0000151d      0x223 lib/libstm32.a(io.o)
 .debug_abbrev  0x00001740      0x248 lib/libstm32.a(timer.o)
 .debug_abbrev  0x00001988      0x23d lib/libstm32.a(uart.o)
 .debug_abbrev  0x00001bc5       0xb5 lib/libstm32.a(util.o)

.debug_aranges  0x00000000      0x260
 .debug_aranges
                0x00000000       0x18 startup/stm32f411_periph.o
 .debug_aranges
                0x00000018       0x20 startup/sys_handlers.o
 .debug_aranges
                0x00000038       0x20 startup/rcc.o
 .debug_aranges
                0x00000058       0x20 startup/system_stm32f4xx.o
 .debug_aranges
                0x00000078       0x20 lib/i2c.o
 .debug_aranges
                0x00000098       0x20 libshield/mma7660.o
 .debug_aranges
                0x000000b8       0x20 libshield/tsl2561.o
 .debug_aranges
                0x000000d8       0x20 src/main_i2c_irq.o
 .debug_aranges
                0x000000f8       0x28 startup/startup_stm32f411xe.o
 .debug_aranges
                0x00000120       0x20 /usr/lib/gcc/arm-none-eabi/12.2.1/../../../arm-none-eabi/lib/thumb/v7e-m+fp/hard/libc.a(lib_a-atexit.o)
 .debug_aranges
                0x00000140       0x20 /usr/lib/gcc/arm-none-eabi/12.2.1/../../../arm-none-eabi/lib/thumb/v7e-m+fp/hard/libc.a(lib_a-fini.o)
 .debug_aranges
                0x00000160       0x18 /usr/lib/gcc/arm-none-eabi/12.2.1/../../../arm-none-eabi/lib/thumb/v7e-m+fp/hard/libc.a(lib_a-impure.o)
 .debug_aranges
                0x00000178       0x20 /usr/lib/gcc/arm-none-eabi/12.2.1/../../../arm-none-eabi/lib/thumb/v7e-m+fp/hard/libc.a(lib_a-init.o)
 .debug_aranges
                0x00000198       0x20 /usr/lib/gcc/arm-none-eabi/12.2.1/../../../arm-none-eabi/lib/thumb/v7e-m+fp/hard/libc.a(lib_a-__atexit.o)
 .debug_aranges
                0x000001b8       0x28 /usr/lib/gcc/arm-none-eabi/12.2.1/../../../arm-none-eabi/lib/thumb/v7e-m+fp/hard/libc.a(lib_a-__call_atexit.o)
 .debug_aranges
                0x000001e0       0x20 lib/libstm32.a(io.o)
 .debug_aranges
                0x00000200       0x20 lib/libstm32.a(timer.o)
 .debug_aranges
                0x00000220       0x20 lib/libstm32.a(uart.o)
 .debug_aranges
                0x00000240       0x20 lib/libstm32.a(util.o)

.debug_line     0x00000000     0x20c6
 .debug_line    0x00000000       0xb5 startup/stm32f411_periph.o
 .debug_line    0x000000b5       0x81 startup/sys_handlers.o
 .debug_line    0x00000136      0x370 startup/rcc.o
 .debug_line    0x000004a6      0x191 startup/system_stm32f4xx.o
 .debug_line    0x00000637      0x4a5 lib/i2c.o
 .debug_line    0x00000adc       0xeb libshield/mma7660.o
 .debug_line    0x00000bc7      0x20b libshield/tsl2561.o
 .debug_line    0x00000dd2      0x17e src/main_i2c_irq.o
 .debug_line    0x00000f50       0x79 startup/startup_stm32f411xe.o
 .debug_line    0x00000fc9       0xc0 /usr/lib/gcc/arm-none-eabi/12.2.1/../../../arm-none-eabi/lib/thumb/v7e-m+fp/hard/libc.a(lib_a-atexit.o)
 .debug_line    0x00001089       0xed /usr/lib/gcc/arm-none-eabi/12.2.1/../../../arm-none-eabi/lib/thumb/v7e-m+fp/hard/libc.a(lib_a-fini.o)
 .debug_line    0x00001176       0xe4 /usr/lib/gcc/arm-none-eabi/12.2.1/../../../arm-none-eabi/lib/thumb/v7e-m+fp/hard/libc.a(lib_a-impure.o)
 .debug_line    0x0000125a      0x138 /usr/lib/gcc/arm-none-eabi/12.2.1/../../../arm-none-eabi/lib/thumb/v7e-m+fp/hard/libc.a(lib_a-init.o)
 .debug_line    0x00001392      0x19e /usr/lib/gcc/arm-none-eabi/12.2.1/../../../arm-none-eabi/lib/thumb/v7e-m+fp/hard/libc.a(lib_a-__atexit.o)
 .debug_line    0x00001530      0x28d /usr/lib/gcc/arm-none-eabi/12.2.1/../../../arm-none-eabi/lib/thumb/v7e-m+fp/hard/libc.a(lib_a-__call_atexit.o)
 .debug_line    0x000017bd      0x351 lib/libstm32.a(io.o)
 .debug_line    0x00001b0e      0x294 lib/libstm32.a(timer.o)
 .debug_line    0x00001da2      0x28f lib/libstm32.a(uart.o)
 .debug_line    0x00002031       0x95 lib/libstm32.a(util.o)

.debug_str      0x00000000     0x21ca
 .debug_str     0x00000000      0xbd5 startup/stm32f411_periph.o
                                0xc53 (size before relaxing)
 .debug_str     0x00000bd5       0xa7 startup/sys_handlers.o
                                0x1e9 (size before relaxing)
 .debug_str     0x00000c7c      0x1f9 startup/rcc.o
                                0x4ab (size before relaxing)
 .debug_str     0x00000e75       0x6b startup/system_stm32f4xx.o
                                0x459 (size before relaxing)
 .debug_str     0x00000ee0      0x53c lib/i2c.o
                                0x926 (size before relaxing)
 .debug_str     0x0000141c       0x34 libshield/mma7660.o
                                0x1df (size before relaxing)
 .debug_str     0x00001450      0x134 libshield/tsl2561.o
                                0x34a (size before relaxing)
 .debug_str     0x00001584       0x43 src/main_i2c_irq.o
                                0x238 (size before relaxing)
 .debug_str     0x000015c7       0x38 startup/startup_stm32f411xe.o
                                 0x66 (size before relaxing)
 .debug_str     0x000015ff      0x154 /usr/lib/gcc/arm-none-eabi/12.2.1/../../../arm-none-eabi/lib/thumb/v7e-m+fp/hard/libc.a(lib_a-atexit.o)
                                0x1e4 (size before relaxing)
 .debug_str     0x00001753       0xc8 /usr/lib/gcc/arm-none-eabi/12.2.1/../../../arm-none-eabi/lib/thumb/v7e-m+fp/hard/libc.a(lib_a-fini.o)
                                0x1dc (size before relaxing)
 .debug_str     0x0000181b      0x446 /usr/lib/gcc/arm-none-eabi/12.2.1/../../../arm-none-eabi/lib/thumb/v7e-m+fp/hard/libc.a(lib_a-impure.o)
                                0x582 (size before relaxing)
 .debug_str     0x00001c61       0x90 /usr/lib/gcc/arm-none-eabi/12.2.1/../../../arm-none-eabi/lib/thumb/v7e-m+fp/hard/libc.a(lib_a-init.o)
                                0x206 (size before relaxing)
 .debug_str     0x00001cf1       0x36 /usr/lib/gcc/arm-none-eabi/12.2.1/../../../arm-none-eabi/lib/thumb/v7e-m+fp/hard/libc.a(lib_a-__atexit.o)
                                0x5bc (size before relaxing)
 .debug_str     0x00001d27       0x92 /usr/lib/gcc/arm-none-eabi/12.2.1/../../../arm-none-eabi/lib/thumb/v7e-m+fp/hard/libc.a(lib_a-__call_atexit.o)
                                0x5e8 (size before relaxing)
 .debug_str     0x00001db9      0x252 lib/libstm32.a(io.o)
                                0x94a (size before relaxing)
 .debug_str     0x0000200b      0x130 lib/libstm32.a(timer.o)
                                0x934 (size before relaxing)
 .debug_str     0x0000213b       0x6b lib/libstm32.a(uart.o)
                                0x8b5 (size before relaxing)
 .debug_str     0x000021a6       0x24 lib/libstm32.a(util.o)
                                0x13c (size before relaxing)

.debug_frame    0x00000000      0x9b8
 .debug_frame   0x00000000       0xa0 startup/sys_handlers.o
 .debug_frame   0x000000a0       0x74 startup/rcc.o
 .debug_frame   0x00000114       0x40 startup/system_stm32f4xx.o
 .debug_frame   0x00000154      0x190 lib/i2c.o
 .debug_frame   0x000002e4       0x44 libshield/mma7660.o
 .debug_frame   0x00000328       0xd0 libshield/tsl2561.o
 .debug_frame   0x000003f8       0x44 src/main_i2c_irq.o
 .debug_frame   0x0000043c       0x20 /usr/lib/gcc/arm-none-eabi/12.2.1/../../../arm-none-eabi/lib/thumb/v7e-m+fp/hard/libc.a(lib_a-atexit.o)
 .debug_frame   0x0000045c       0x34 /usr/lib/gcc/arm-none-eabi/12.2.1/../../../arm-none-eabi/lib/thumb/v7e-m+fp/hard/libc.a(lib_a-fini.o)
 .debug_frame   0x00000490       0x2c /usr/lib/gcc/arm-none-eabi/12.2.1/../../../arm-none-eabi/lib/thumb/v7e-m+fp/hard/libc.a(lib_a-init.o)
 .debug_frame   0x000004bc       0x34 /usr/lib/gcc/arm-none-eabi/12.2.1/../../../arm-none-eabi/lib/thumb/v7e-m+fp/hard/libc.a(lib_a-__atexit.o)
 .debug_frame   0x000004f0       0x5c /usr/lib/gcc/arm-none-eabi/12.2.1/../../../arm-none-eabi/lib/thumb/v7e-m+fp/hard/libc.a(lib_a-__call_atexit.o)
 .debug_frame   0x0000054c      0x180 lib/libstm32.a(io.o)
 .debug_frame   0x000006cc      0x1a0 lib/libstm32.a(timer.o)
 .debug_frame   0x0000086c      0x10c lib/libstm32.a(uart.o)
 .debug_frame   0x00000978       0x40 lib/libstm32.a(util.o)

.debug_ranges   0x00000000       0x70
 .debug_ranges  0x00000000       0x20 startup/startup_stm32f411xe.o
 .debug_ranges  0x00000020       0x50 /usr/lib/gcc/arm-none-eabi/12.2.1/../../../arm-none-eabi/lib/thumb/v7e-m+fp/hard/libc.a(lib_a-__call_atexit.o)

.debug_loc      0x00000000      0x458
 .debug_loc     0x00000000       0x32 /usr/lib/gcc/arm-none-eabi/12.2.1/../../../arm-none-eabi/lib/thumb/v7e-m+fp/hard/libc.a(lib_a-atexit.o)
 .debug_loc     0x00000032       0x68 /usr/lib/gcc/arm-none-eabi/12.2.1/../../../arm-none-eabi/lib/thumb/v7e-m+fp/hard/libc.a(lib_a-fini.o)
 .debug_loc     0x0000009a       0xba /usr/lib/gcc/arm-none-eabi/12.2.1/../../../arm-none-eabi/lib/thumb/v7e-m+fp/hard/libc.a(lib_a-init.o)
 .debug_loc     0x00000154      0x138 /usr/lib/gcc/arm-none-eabi/12.2.1/../../../arm-none-eabi/lib/thumb/v7e-m+fp/hard/libc.a(lib_a-__atexit.o)
 .debug_loc     0x0000028c      0x1cc /usr/lib/gcc/arm-none-eabi/12.2.1/../../../arm-none-eabi/lib/thumb/v7e-m+fp/hard/libc.a(lib_a-__call_atexit.o)
